// Jest Snapshot v1, https://goo.gl/fbAQLP

exports[`tests on <ClockPage /> should match snapshot 1`] = `
<div>
  <div
    class="sc-gswNZR pUmhY"
  >
    <div
      class="h-100 d-flex flex-column justify-content-center container"
    >
      <div
        class="row"
      >
        <div
          class="col"
        >
          <h1
            class="sc-dkrFOg dcibta"
          >
            Local Clock
          </h1>
        </div>
      </div>
      <div
        class="row"
      >
        <div
          class="d-flex justify-content-center"
        >
          <span
            class="sc-bcXHqe irHAIw"
          >
            05:07
          </span>
        </div>
      </div>
    </div>
  </div>
</div>
`;
